Ambar Jain checking file contents....

pwd
cd projects
ls
sayyed@station:~/gitprojects$ mv CalenderWidget web-project

sayyed@station:~/gitprojects$ ls

initializr  web-project
git stat
sayyed@station:~/gitprojects$ cd web-project

sayyed@station:~/gitprojects/web-project$ ls

app  build  build.gradle  CalenderWidget.iml  gradle  gradle.properties  gradlew  gradlew.bat  local.properties  settings.gradle


sayyed@station:~/gitprojects/web-project$ git init


Initialized empty Git repository in /home/sayyed/gitprojects/web-project/.git/

sayyed@station:~/gitprojects/web-project$ ls -al

total 68
drwxrwxr-x 8 sayyed sayyed 4096 Nov 26 11:50 .
drwxrwxr-x 4 sayyed sayyed 4096 Nov 26 11:49 ..
drwxrwxr-x 5 sayyed sayyed 4096 Nov 20 12:34 app
drwxrwxr-x 3 sayyed sayyed 4096 Nov 19 13:15 build
-rw-rw-r-- 1 sayyed sayyed  436 Nov 19 13:14 build.gradle
-rw-rw-r-- 1 sayyed sayyed  920 Nov 19 13:16 CalenderWidget.iml
drwxrwxr-x 7 sayyed sayyed 4096 Nov 26 11:50 .git
-rw-rw-r-- 1 sayyed sayyed   91 Nov 19 13:14 .gitignore
drwxrwxr-x 3 sayyed sayyed 4096 Nov 19 13:14 gradle
drwxrwxr-x 3 sayyed sayyed 4096 Nov 19 13:15 .gradle
-rw-rw-r-- 1 sayyed sayyed  855 Nov 19 13:14 gradle.properties
-rwxrw-r-- 1 sayyed sayyed 5080 Nov 19 13:14 gradlew
-rw-rw-r-- 1 sayyed sayyed 2404 Nov 19 13:14 gradlew.bat
drwxrwxr-x 4 sayyed sayyed 4096 Nov 19 13:16 .idea
-rw-rw-r-- 1 sayyed sayyed  426 Nov 19 13:14 local.properties
-rw-rw-r-- 1 sayyed sayyed   15 Nov 19 13:14 settings.gradle



sayyed@station:~/gitprojects/web-project$ git status


On branch master

Initial commit

Untracked files:
  (use "git add <file>..." to include in what will be committed)

	.gitignore
	.idea/
	CalenderWidget.iml
	app/
	build.gradle
	gradle.properties
	gradle/
	gradlew
	gradlew.bat
	settings.gradle

nothing added to commit but untracked files present (use "git add" to track)


sayyed@station:~/gitprojects/web-project$ git add .


sayyed@station:~/gitprojects/web-project$ git status


On branch master

Initial commit

Changes to be committed:
  (use "git rm --cached <file>..." to unstage)

	new file:   .gitignore
	new file:   .idea/.name
	new file:   .idea/compiler.xml
	new file:   .idea/copyright/profiles_settings.xml
	new file:   .idea/gradle.xml
	new file:   .idea/misc.xml
	new file:   .idea/modules.xml
	new file:   .idea/vcs.xml
	new file:   CalenderWidget.iml
	new file:   app/.gitignore
	new file:   app/app.iml
	new file:   app/build.gradle
	new file:   app/proguard-rules.pro
	new file:   app/src/androidTest/java/com/example/sayyed/calenderwidget/ApplicationTest.java
	new file:   app/src/main/AndroidManifest.xml
	new file:   app/src/main/java/com/example/sayyed/calenderwidget/CalenderActivity.java
	new file:   app/src/main/java/com/example/sayyed/calenderwidget/MainActivity.java
	new file:   app/src/main/res/drawable-hdpi/background.9.png
	new file:   app/src/main/res/drawable-mdpi/background.9.png
	new file:   app/src/main/res/drawable-xhdpi/background.9.png
	new file:   app/src/main/res/drawable-xxhdpi/background.9.png
	new file:   app/src/main/res/drawable-xxxhdpi/background.9.png
	new file:   app/src/main/res/drawable/calendar.png
	new file:   app/src/main/res/drawable/drawable-hdpi/background.9.png
	new file:   app/src/main/res/drawable/drawable-mdpi/background.9.png
	new file:   app/src/main/res/drawable/drawable-xhdpi/background.9.png
	new file:   app/src/main/res/drawable/drawable-xxhdpi/background.9.png
	new file:   app/src/main/res/drawable/drawable-xxxhdpi/background.9.png
	new file:   app/src/main/res/drawable/notification.png
	new file:   app/src/main/res/drawable/view.png
	new file:   app/src/main/res/layout/activity_calender.xml
	new file:   app/src/main/res/layout/activity_main.xml
	new file:   app/src/main/res/menu/menu_calender.xml
	new file:   app/src/main/res/menu/menu_main.xml
	new file:   app/src/main/res/mipmap-hdpi/ic_launcher.png
	new file:   app/src/main/res/mipmap-mdpi/ic_launcher.png
	new file:   app/src/main/res/mipmap-xhdpi/ic_launcher.png
	new file:   app/src/main/res/mipmap-xxhdpi/ic_launcher.png
	new file:   app/src/main/res/values-w820dp/dimens.xml
	new file:   app/src/main/res/values/dimens.xml
	new file:   app/src/main/res/values/strings.xml
	new file:   app/src/main/res/values/styles.xml
	new file:   app/src/main/res/xml/mywidget.xml
	new file:   build.gradle
	new file:   gradle.properties
	new file:   gradle/wrapper/gradle-wrapper.jar
	new file:   gradle/wrapper/gradle-wrapper.properties
	new file:   gradlew
	new file:   gradlew.bat
	new file:   settings.gradle

sayyed@station:~/gitprojects/web-project$ git commit -m "My first commit"



[master (root-commit) da54eb0] My first commit
 50 files changed, 877 insertions(+)
 create mode 100644 .gitignore
 create mode 100644 .idea/.name
 create mode 100644 .idea/compiler.xml
 create mode 100644 .idea/copyright/profiles_settings.xml
 create mode 100644 .idea/gradle.xml
 create mode 100644 .idea/misc.xml
 create mode 100644 .idea/modules.xml
 create mode 100644 .idea/vcs.xml
 create mode 100644 CalenderWidget.iml
 create mode 100644 app/.gitignore
 create mode 100644 app/app.iml
 create mode 100644 app/build.gradle
 create mode 100644 app/proguard-rules.pro
 create mode 100644 app/src/androidTest/java/com/example/sayyed/calenderwidget/ApplicationTest.java
 create mode 100644 app/src/main/AndroidManifest.xml
 create mode 100644 app/src/main/java/com/example/sayyed/calenderwidget/CalenderActivity.java
 create mode 100644 app/src/main/java/com/example/sayyed/calenderwidget/MainActivity.java
 create mode 100644 app/src/main/res/drawable-hdpi/background.9.png
 create mode 100644 app/src/main/res/drawable-mdpi/background.9.png
 create mode 100644 app/src/main/res/drawable-xhdpi/background.9.png
 create mode 100644 app/src/main/res/drawable-xxhdpi/background.9.png
 create mode 100644 app/src/main/res/drawable-xxxhdpi/background.9.png
 create mode 100644 app/src/main/res/drawable/calendar.png
 create mode 100644 app/src/main/res/drawable/drawable-hdpi/background.9.png
 create mode 100644 app/src/main/res/drawable/drawable-mdpi/background.9.png
 create mode 100644 app/src/main/res/drawable/drawable-xhdpi/background.9.png
 create mode 100644 app/src/main/res/drawable/drawable-xxhdpi/background.9.png
 create mode 100644 app/src/main/res/drawable/drawable-xxxhdpi/background.9.png
 create mode 100644 app/src/main/res/drawable/notification.png
 create mode 100644 app/src/main/res/drawable/view.png
 create mode 100644 app/src/main/res/layout/activity_calender.xml
 create mode 100644 app/src/main/res/layout/activity_main.xml
 create mode 100644 app/src/main/res/menu/menu_calender.xml
 create mode 100644 app/src/main/res/menu/menu_main.xml
 create mode 100644 app/src/main/res/mipmap-hdpi/ic_launcher.png
 create mode 100644 app/src/main/res/mipmap-mdpi/ic_launcher.png
 create mode 100644 app/src/main/res/mipmap-xhdpi/ic_launcher.png
 create mode 100644 app/src/main/res/mipmap-xxhdpi/ic_launcher.png
 create mode 100644 app/src/main/res/values-w820dp/dimens.xml
 create mode 100644 app/src/main/res/values/dimens.xml
 create mode 100644 app/src/main/res/values/strings.xml
 create mode 100644 app/src/main/res/values/styles.xml
 create mode 100644 app/src/main/res/xml/mywidget.xml
 create mode 100644 build.gradle
 create mode 100644 gradle.properties
 create mode 100644 gradle/wrapper/gradle-wrapper.jar
 create mode 100644 gradle/wrapper/gradle-wrapper.properties
 create mode 100755 gradlew
 create mode 100644 gradlew.bat
 create mode 100644 settings.gradle


sayyed@station:~/gitprojects/web-project$ git status

On branch master
nothing to commit, working directory clean
sayyed@station:~/gitprojects/web-project$ git status
On branch master
nothing to commit, working directory clean
sayyed@station:~/gitprojects/web-project$ ls -al
total 68
drwxrwxr-x 8 sayyed sayyed 4096 Nov 26 11:50 .
drwxrwxr-x 4 sayyed sayyed 4096 Nov 26 11:49 ..
drwxrwxr-x 5 sayyed sayyed 4096 Nov 20 12:34 app
drwxrwxr-x 3 sayyed sayyed 4096 Nov 19 13:15 build
-rw-rw-r-- 1 sayyed sayyed  436 Nov 19 13:14 build.gradle
-rw-rw-r-- 1 sayyed sayyed  920 Nov 19 13:16 CalenderWidget.iml
drwxrwxr-x 8 sayyed sayyed 4096 Nov 26 11:53 .git
-rw-rw-r-- 1 sayyed sayyed   91 Nov 19 13:14 .gitignore
drwxrwxr-x 3 sayyed sayyed 4096 Nov 19 13:14 gradle
drwxrwxr-x 3 sayyed sayyed 4096 Nov 19 13:15 .gradle
-rw-rw-r-- 1 sayyed sayyed  855 Nov 19 13:14 gradle.properties
-rwxrw-r-- 1 sayyed sayyed 5080 Nov 19 13:14 gradlew
-rw-rw-r-- 1 sayyed sayyed 2404 Nov 19 13:14 gradlew.bat
drwxrwxr-x 4 sayyed sayyed 4096 Nov 19 13:16 .idea
-rw-rw-r-- 1 sayyed sayyed  426 Nov 19 13:14 local.properties
-rw-rw-r-- 1 sayyed sayyed   15 Nov 19 13:14 settings.gradle


sayyed@station:~/gitprojects/web-project$ 


